API Key: f33ddb9d...
App ID: 2034018763611316225
Testing with image: https://images.unsplash.com/photo-1618221195710-dd6b41faaea6?q=80&w=2000&auto=format&fit=crop

Response: {
  "taskId": "",
  "status": "",
  "errorCode": "1",
  "errorMessage": "Unknown error, please retry or contact support | µ£¬τƒÑΘöÖΦ»»∩╝îΦ»╖ΘçìΦ»òµêûΦüöτ│╗µö»µîü",
  "results": null,
  "clientId": "",
  "promptTips": "",
  "failedReason": {},
  "usage": null,
  "parentTaskId": null,
  "taskUsageList": null
}

Γ¥î Error 1: Unknown error, please retry or contact support | µ£¬τƒÑΘöÖΦ»»∩╝îΦ»╖ΘçìΦ»òµêûΦüöτ│╗µö»µîü
